2025-05-06 19:16:35,688 - INFO - Starting imports...
2025-05-06 19:16:37,232 - INFO - Base packages imported successfully
2025-05-06 19:16:37,232 - WARNING - ONNX support not available - will use PyTorch only
2025-05-06 19:16:37,232 - INFO - === Starting AI.SEE assessment tasks ===
2025-05-06 19:16:37,236 - INFO - Successfully loaded and preprocessed image: image.jpeg
2025-05-06 19:16:37,237 - INFO - Step 1: PyTorch Inference
2025-05-06 19:16:37,237 - INFO - Loading PyTorch model...
2025-05-06 19:16:37,483 - INFO - Running PyTorch inference...
2025-05-06 19:16:38,979 - INFO - PyTorch results saved to pytorch_result.jpg
2025-05-06 19:16:38,979 - INFO - Step 2: Convert to ONNX
2025-05-06 19:16:38,979 - INFO - Converting model to ONNX...
2025-05-06 19:17:48,171 - ERROR - Error during ONNX conversion: No module named 'onnx'
2025-05-06 19:26:23,824 - INFO - Starting imports...
2025-05-06 19:26:25,245 - INFO - Base packages imported successfully
2025-05-06 19:26:25,246 - WARNING - ONNX support not available - will use PyTorch only
2025-05-06 19:26:25,246 - INFO - === Starting AI.SEE assessment tasks ===
2025-05-06 19:26:25,250 - INFO - Successfully loaded and preprocessed image: image.jpeg
2025-05-06 19:26:25,251 - INFO - Step 1: PyTorch Inference
2025-05-06 19:26:25,251 - INFO - Loading PyTorch model...
2025-05-06 19:26:25,493 - INFO - Running PyTorch inference...
2025-05-06 19:26:27,041 - INFO - PyTorch results saved to pytorch_result.jpg
2025-05-06 19:26:27,041 - INFO - Step 2: Convert to ONNX
2025-05-06 19:26:27,042 - INFO - Converting model to ONNX...
2025-05-06 19:26:41,988 - ERROR - Error during ONNX conversion: No module named 'onnx'
